2024-05-29 16:13:39,528 - custom-logger - INFO - This log message is sent to the file
